src/server.ts(3,24): error TS2307: Cannot find module 'socket.io' or its corresponding type declarations.
