src/server.ts(3,24): error TS2307: Cannot find module 'socket.io' or its corresponding type declarations.
src/server.ts(46,22): error TS7006: Parameter 'socket' implicitly has an 'any' type.
